117 -- /home/scott/git/extract-live-photos/extract_halfway_image.py 
Error processing /home/scott/git/live-photo-extract/immich-library/library/scott/2017/2017-08-25/416ea657-8619-495d-8ccd-2758bd5e6aae.mp4: [Errno 2] No such file or directory: '/home/scott/git/live-photo-extract/output/library/scott/2017/2017-08-25/416ea657-8619-495d-8ccd-2758bd5e6aae.mp4'
Error processing /home/scott/git/live-photo-extract/immich-library/library/scott/2017/08/17/22_37-VID-20170817_173734.mp4: [Errno 2] No such file or directory: '/home/scott/git/live-photo-extract/output/library/scott/2017/08/17/22_37-VID-20170817_173734.mp4'
Error processing /home/scott/git/live-photo-extract/immich-library/library/scott/2017/08/25/19_38-VID-20170825_193855+1.mp4: [Errno 2] No such file or directory: '/home/scott/git/live-photo-extract/output/library/scott/2017/08/25/19_38-VID-20170825_193855+1.mp4'
Error processing /home/scott/git/live-photo-extract/immich-library/library/scott/2017/08/25/19_38-VID-20170825_193855.mp4: [Errno 2] No such file or directory: '/home/scott/git/live-photo-extract/output/library/scott/2017/08/25/19_38-VID-20170825_193855.mp4'
Error processing /home/scott/git/live-photo-extract/immich-library/library/scott/2015/12/23/02_25-VID-20151222_202556.mp4: [Errno 2] No such file or directory: '/home/scott/git/live-photo-extract/output/library/scott/2015/12/23/02_25-VID-20151222_202556.mp4'
Error processing /home/scott/git/live-photo-extract/immich-library/library/scott/2015/12/23/02_26-VID-20151222_202608.mp4: [Errno 2] No such file or directory: '/home/scott/git/live-photo-extract/output/library/scott/2015/12/23/02_26-VID-20151222_202608.mp4'
Error processing /home/scott/git/live-photo-extract/immich-library/library/scott/2015/11/15/14_44-VID-20151115_084450.mp4: [Errno 2] No such file or directory: '/home/scott/git/live-photo-extract/output/library/scott/2015/11/15/14_44-VID-20151115_084450.mp4'
Error processing /home/scott/git/live-photo-extract/immich-library/library/scott/2014/03/16/23_31-VID-20140316_183150+1.mp4: [Errno 2] No such file or directory: '/home/scott/git/live-photo-extract/output/library/scott/2014/03/16/23_31-VID-20140316_183150+1.mp4'
Error processing /home/scott/git/live-photo-extract/immich-library/library/scott/2014/03/16/23_31-VID-20140316_183150.mp4: [Errno 2] No such file or directory: '/home/scott/git/live-photo-extract/output/library/scott/2014/03/16/23_31-VID-20140316_183150.mp4'
Error processing /home/scott/git/live-photo-extract/immich-library/library/scott/2014/03/22/18_51-VID-20140322_135122.mp4: [Errno 2] No such file or directory: '/home/scott/git/live-photo-extract/output/library/scott/2014/03/22/18_51-VID-20140322_135122.mp4'
Error processing /home/scott/git/live-photo-extract/immich-library/library/scott/2014/07/04/16_39-VID-20140704_113937+1.mp4: [Errno 2] No such file or directory: '/home/scott/git/live-photo-extract/output/library/scott/2014/07/04/16_39-VID-20140704_113937+1.mp4'
Error processing /home/scott/git/live-photo-extract/immich-library/library/scott/2014/07/04/16_39-VID-20140704_113937.mp4: [Errno 2] No such file or directory: '/home/scott/git/live-photo-extract/output/library/scott/2014/07/04/16_39-VID-20140704_113937.mp4'
Error processing /home/scott/git/live-photo-extract/immich-library/library/scott/2016/05/22/16_19-VID-20160522_121934.mp4: [Errno 2] No such file or directory: '/home/scott/git/live-photo-extract/output/library/scott/2016/05/22/16_19-VID-20160522_121934.mp4'
Error processing /home/scott/git/live-photo-extract/immich-library/library/scott/2016/06/13/23_40-VID-20160613_184034.mp4: [Errno 2] No such file or directory: '/home/scott/git/live-photo-extract/output/library/scott/2016/06/13/23_40-VID-20160613_184034.mp4'
Error processing /home/scott/git/live-photo-extract/immich-library/library/scott/2020/05/31/21_40-VID-filtered-8707EBD4-EEAA-444F-B872-54805683202A.mp4: [Errno 2] No such file or directory: '/home/scott/git/live-photo-extract/output/library/scott/2020/05/31/21_40-VID-filtered-8707EBD4-EEAA-444F-B872-54805683202A.mp4'
Error processing /home/scott/git/live-photo-extract/immich-library/library/scott/2020/11/18/17_46-VID-IMG_0042.mp4: [Errno 2] No such file or directory: '/home/scott/git/live-photo-extract/output/library/scott/2020/11/18/17_46-VID-IMG_0042.mp4'
Error processing /home/scott/git/live-photo-extract/immich-library/library/scott/2020/01/22/19_48-VID-Snapchat-2002420557.mp4: [Errno 2] No such file or directory: '/home/scott/git/live-photo-extract/output/library/scott/2020/01/22/19_48-VID-Snapchat-2002420557.mp4'
Error processing /home/scott/git/live-photo-extract/immich-library/library/scott/2019/11/30/18_16-VID-2019-11-30.mp4: [Errno 2] No such file or directory: '/home/scott/git/live-photo-extract/output/library/scott/2019/11/30/18_16-VID-2019-11-30.mp4'
Error processing /home/scott/git/live-photo-extract/immich-library/library/scott/2024/10/26/15_36-VID-IMG_0226.mp4: [Errno 2] No such file or directory: '/home/scott/git/live-photo-extract/output/library/scott/2024/10/26/15_36-VID-IMG_0226.mp4'
Error processing /home/scott/git/live-photo-extract/immich-library/library/scott/2024/10/26/15_41-VID-IMG_0236.mp4: [Errno 2] No such file or directory: '/home/scott/git/live-photo-extract/output/library/scott/2024/10/26/15_41-VID-IMG_0236.mp4'
Error processing /home/scott/git/live-photo-extract/immich-library/library/scott/2024/10/26/14_40-VID-IMG_0210.mp4: [Errno 2] No such file or directory: '/home/scott/git/live-photo-extract/output/library/scott/2024/10/26/14_40-VID-IMG_0210.mp4'
Error processing /home/scott/git/live-photo-extract/immich-library/library/scott/2024/10/26/13_12-VID-IMG_0163.mp4: [Errno 2] No such file or directory: '/home/scott/git/live-photo-extract/output/library/scott/2024/10/26/13_12-VID-IMG_0163.mp4'
Error processing /home/scott/git/live-photo-extract/immich-library/library/scott/2024/10/26/14_30-VID-IMG_0197.mp4: [Errno 2] No such file or directory: '/home/scott/git/live-photo-extract/output/library/scott/2024/10/26/14_30-VID-IMG_0197.mp4'
Error processing /home/scott/git/live-photo-extract/immich-library/library/scott/2024/10/26/11_45-VID-IMG_0082.mp4: [Errno 2] No such file or directory: '/home/scott/git/live-photo-extract/output/library/scott/2024/10/26/11_45-VID-IMG_0082.mp4'
Error processing /home/scott/git/live-photo-extract/immich-library/library/scott/2024/10/26/15_39-VID-IMG_0233.mp4: [Errno 2] No such file or directory: '/home/scott/git/live-photo-extract/output/library/scott/2024/10/26/15_39-VID-IMG_0233.mp4'
Error processing /home/scott/git/live-photo-extract/immich-library/library/scott/2024/10/26/11_45-VID-IMG_0081.mp4: [Errno 2] No such file or directory: '/home/scott/git/live-photo-extract/output/library/scott/2024/10/26/11_45-VID-IMG_0081.mp4'
Error processing /home/scott/git/live-photo-extract/immich-library/library/scott/2024/10/26/11_51-VID-IMG_0100.mp4: [Errno 2] No such file or directory: '/home/scott/git/live-photo-extract/output/library/scott/2024/10/26/11_51-VID-IMG_0100.mp4'
Error processing /home/scott/git/live-photo-extract/immich-library/library/scott/2024/10/26/13_36-VID-IMG_0178.mp4: [Errno 2] No such file or directory: '/home/scott/git/live-photo-extract/output/library/scott/2024/10/26/13_36-VID-IMG_0178.mp4'
Error processing /home/scott/git/live-photo-extract/immich-library/library/scott/2024/10/26/15_54-VID-IMG_0265.mp4: [Errno 2] No such file or directory: '/home/scott/git/live-photo-extract/output/library/scott/2024/10/26/15_54-VID-IMG_0265.mp4'
Error processing /home/scott/git/live-photo-extract/immich-library/library/scott/2024/10/26/15_54-VID-IMG_0267.mp4: [Errno 2] No such file or directory: '/home/scott/git/live-photo-extract/output/library/scott/2024/10/26/15_54-VID-IMG_0267.mp4'
Error processing /home/scott/git/live-photo-extract/immich-library/library/scott/2024/10/26/15_54-VID-IMG_0268.mp4: [Errno 2] No such file or directory: '/home/scott/git/live-photo-extract/output/library/scott/2024/10/26/15_54-VID-IMG_0268.mp4'
Error processing /home/scott/git/live-photo-extract/immich-library/library/scott/2024/10/26/12_55-VID-IMG_0127.mp4: [Errno 2] No such file or directory: '/home/scott/git/live-photo-extract/output/library/scott/2024/10/26/12_55-VID-IMG_0127.mp4'
Error processing /home/scott/git/live-photo-extract/immich-library/library/scott/2024/10/26/15_39-VID-IMG_0231.mp4: [Errno 2] No such file or directory: '/home/scott/git/live-photo-extract/output/library/scott/2024/10/26/15_39-VID-IMG_0231.mp4'
Error processing /home/scott/git/live-photo-extract/immich-library/library/scott/2024/10/26/14_28-VID-IMG_0194.mp4: [Errno 2] No such file or directory: '/home/scott/git/live-photo-extract/output/library/scott/2024/10/26/14_28-VID-IMG_0194.mp4'
Error processing /home/scott/git/live-photo-extract/immich-library/library/scott/2024/10/26/12_57-VID-IMG_0133.mp4: [Errno 2] No such file or directory: '/home/scott/git/live-photo-extract/output/library/scott/2024/10/26/12_57-VID-IMG_0133.mp4'
Error processing /home/scott/git/live-photo-extract/immich-library/library/scott/2024/10/26/13_11-VID-IMG_0159.mp4: [Errno 2] No such file or directory: '/home/scott/git/live-photo-extract/output/library/scott/2024/10/26/13_11-VID-IMG_0159.mp4'
Error processing /home/scott/git/live-photo-extract/immich-library/library/scott/2024/10/26/11_29-VID-IMG_0059.mp4: [Errno 2] No such file or directory: '/home/scott/git/live-photo-extract/output/library/scott/2024/10/26/11_29-VID-IMG_0059.mp4'
Error processing /home/scott/git/live-photo-extract/immich-library/library/scott/2024/10/26/15_46-VID-IMG_0252.mp4: [Errno 2] No such file or directory: '/home/scott/git/live-photo-extract/output/library/scott/2024/10/26/15_46-VID-IMG_0252.mp4'
Error processing /home/scott/git/live-photo-extract/immich-library/library/scott/2024/10/26/11_52-VID-IMG_0104.mp4: [Errno 2] No such file or directory: '/home/scott/git/live-photo-extract/output/library/scott/2024/10/26/11_52-VID-IMG_0104.mp4'
Error processing /home/scott/git/live-photo-extract/immich-library/library/scott/2024/10/26/13_57-VID-IMG_0186.mp4: [Errno 2] No such file or directory: '/home/scott/git/live-photo-extract/output/library/scott/2024/10/26/13_57-VID-IMG_0186.mp4'
Error processing /home/scott/git/live-photo-extract/immich-library/library/scott/2024/10/26/13_57-VID-IMG_0187.mp4: [Errno 2] No such file or directory: '/home/scott/git/live-photo-extract/output/library/scott/2024/10/26/13_57-VID-IMG_0187.mp4'
Error processing /home/scott/git/live-photo-extract/immich-library/library/scott/2024/10/26/11_48-VID-IMG_0093.mp4: [Errno 2] No such file or directory: '/home/scott/git/live-photo-extract/output/library/scott/2024/10/26/11_48-VID-IMG_0093.mp4'
Error processing /home/scott/git/live-photo-extract/immich-library/library/scott/2024/10/26/12_42-VID-IMG_0112.mp4: [Errno 2] No such file or directory: '/home/scott/git/live-photo-extract/output/library/scott/2024/10/26/12_42-VID-IMG_0112.mp4'
Error processing /home/scott/git/live-photo-extract/immich-library/library/scott/2024/10/26/13_55-VID-IMG_0184.mp4: [Errno 2] No such file or directory: '/home/scott/git/live-photo-extract/output/library/scott/2024/10/26/13_55-VID-IMG_0184.mp4'
Error processing /home/scott/git/live-photo-extract/immich-library/library/scott/2024/10/26/11_41-VID-IMG_0073.mp4: [Errno 2] No such file or directory: '/home/scott/git/live-photo-extract/output/library/scott/2024/10/26/11_41-VID-IMG_0073.mp4'
Error processing /home/scott/git/live-photo-extract/immich-library/library/scott/2024/10/26/14_28-VID-IMG_0195.mp4: [Errno 2] No such file or directory: '/home/scott/git/live-photo-extract/output/library/scott/2024/10/26/14_28-VID-IMG_0195.mp4'
Error processing /home/scott/git/live-photo-extract/immich-library/library/scott/2024/10/26/14_40-VID-IMG_0209.mp4: [Errno 2] No such file or directory: '/home/scott/git/live-photo-extract/output/library/scott/2024/10/26/14_40-VID-IMG_0209.mp4'
Error processing /home/scott/git/live-photo-extract/immich-library/library/scott/2024/10/26/11_48-VID-IMG_0092.mp4: [Errno 2] No such file or directory: '/home/scott/git/live-photo-extract/output/library/scott/2024/10/26/11_48-VID-IMG_0092.mp4'
Error processing /home/scott/git/live-photo-extract/immich-library/library/scott/2024/10/26/13_12-VID-IMG_0162.mp4: [Errno 2] No such file or directory: '/home/scott/git/live-photo-extract/output/library/scott/2024/10/26/13_12-VID-IMG_0162.mp4'
Error processing /home/scott/git/live-photo-extract/immich-library/library/scott/2024/10/26/11_45-VID-IMG_0080.mp4: [Errno 2] No such file or directory: '/home/scott/git/live-photo-extract/output/library/scott/2024/10/26/11_45-VID-IMG_0080.mp4'
Error processing /home/scott/git/live-photo-extract/immich-library/library/scott/2024/10/26/15_43-VID-IMG_0244.mp4: [Errno 2] No such file or directory: '/home/scott/git/live-photo-extract/output/library/scott/2024/10/26/15_43-VID-IMG_0244.mp4'
Error processing /home/scott/git/live-photo-extract/immich-library/library/scott/2024/10/26/15_42-VID-IMG_0240.mp4: [Errno 2] No such file or directory: '/home/scott/git/live-photo-extract/output/library/scott/2024/10/26/15_42-VID-IMG_0240.mp4'
Error processing /home/scott/git/live-photo-extract/immich-library/library/scott/2024/10/26/15_39-VID-IMG_0232.mp4: [Errno 2] No such file or directory: '/home/scott/git/live-photo-extract/output/library/scott/2024/10/26/15_39-VID-IMG_0232.mp4'
Error processing /home/scott/git/live-photo-extract/immich-library/library/scott/2024/10/26/11_39-VID-IMG_0069.mp4: [Errno 2] No such file or directory: '/home/scott/git/live-photo-extract/output/library/scott/2024/10/26/11_39-VID-IMG_0069.mp4'
Error processing /home/scott/git/live-photo-extract/immich-library/library/scott/2024/10/26/12_51-VID-IMG_0123.mp4: [Errno 2] No such file or directory: '/home/scott/git/live-photo-extract/output/library/scott/2024/10/26/12_51-VID-IMG_0123.mp4'
Error processing /home/scott/git/live-photo-extract/immich-library/library/scott/2024/10/26/11_38-VID-IMG_0068.mp4: [Errno 2] No such file or directory: '/home/scott/git/live-photo-extract/output/library/scott/2024/10/26/11_38-VID-IMG_0068.mp4'
Error processing /home/scott/git/live-photo-extract/immich-library/library/scott/2024/10/26/16_00-VID-IMG_0286.mp4: [Errno 2] No such file or directory: '/home/scott/git/live-photo-extract/output/library/scott/2024/10/26/16_00-VID-IMG_0286.mp4'
Error processing /home/scott/git/live-photo-extract/immich-library/library/scott/2024/10/26/11_51-VID-IMG_0099.mp4: [Errno 2] No such file or directory: '/home/scott/git/live-photo-extract/output/library/scott/2024/10/26/11_51-VID-IMG_0099.mp4'
Error processing /home/scott/git/live-photo-extract/immich-library/library/scott/2024/10/26/14_20-VID-IMG_0190.mp4: [Errno 2] No such file or directory: '/home/scott/git/live-photo-extract/output/library/scott/2024/10/26/14_20-VID-IMG_0190.mp4'
Error processing /home/scott/git/live-photo-extract/immich-library/library/scott/2024/10/26/12_56-VID-IMG_0132.mp4: [Errno 2] No such file or directory: '/home/scott/git/live-photo-extract/output/library/scott/2024/10/26/12_56-VID-IMG_0132.mp4'
Error processing /home/scott/git/live-photo-extract/immich-library/library/scott/2024/10/26/11_45-VID-IMG_0083.mp4: [Errno 2] No such file or directory: '/home/scott/git/live-photo-extract/output/library/scott/2024/10/26/11_45-VID-IMG_0083.mp4'
Error processing /home/scott/git/live-photo-extract/immich-library/library/scott/2018/04/07/16_00-VID-20180407_160026.mp4: [Errno 2] No such file or directory: '/home/scott/git/live-photo-extract/output/library/scott/2018/04/07/16_00-VID-20180407_160026.mp4'
Error processing /home/scott/git/live-photo-extract/immich-library/library/scott/2018/2018-11-12/bf8a6bf7-2506-4afc-b9e2-eb8fb2a50e25.mp4: [Errno 2] No such file or directory: '/home/scott/git/live-photo-extract/output/library/scott/2018/2018-11-12/bf8a6bf7-2506-4afc-b9e2-eb8fb2a50e25.mp4'
Error processing /home/scott/git/live-photo-extract/immich-library/library/scott/2018/2018-07-01/487b7b7f-b30d-46cf-b1f7-2a7609368319.mp4: [Errno 2] No such file or directory: '/home/scott/git/live-photo-extract/output/library/scott/2018/2018-07-01/487b7b7f-b30d-46cf-b1f7-2a7609368319.mp4'
Error processing /home/scott/git/live-photo-extract/immich-library/library/scott/2018/05/21/01_26-VID-20180520_202658.mp4: [Errno 2] No such file or directory: '/home/scott/git/live-photo-extract/output/library/scott/2018/05/21/01_26-VID-20180520_202658.mp4'
Error processing /home/scott/git/live-photo-extract/immich-library/library/scott/2018/07/01/00_32-VID-20180630_193238.mp4: [Errno 2] No such file or directory: '/home/scott/git/live-photo-extract/output/library/scott/2018/07/01/00_32-VID-20180630_193238.mp4'
Error processing /home/scott/git/live-photo-extract/immich-library/library/scott/2022/04/06/18_59-VID-IMG_0390.mp4: [Errno 2] No such file or directory: '/home/scott/git/live-photo-extract/output/library/scott/2022/04/06/18_59-VID-IMG_0390.mp4'
Error processing /home/scott/git/live-photo-extract/immich-library/library/scott/2022/04/06/18_59-VID-IMG_0389.mp4: [Errno 2] No such file or directory: '/home/scott/git/live-photo-extract/output/library/scott/2022/04/06/18_59-VID-IMG_0389.mp4'
Error processing /home/scott/git/live-photo-extract/immich-library/library/scott/2022/04/06/18_59-VID-IMG_0392.mp4: [Errno 2] No such file or directory: '/home/scott/git/live-photo-extract/output/library/scott/2022/04/06/18_59-VID-IMG_0392.mp4'
Error processing /home/scott/git/live-photo-extract/immich-library/library/scott/2022/04/06/18_59-VID-IMG_0393.mp4: [Errno 2] No such file or directory: '/home/scott/git/live-photo-extract/output/library/scott/2022/04/06/18_59-VID-IMG_0393.mp4'
Error processing /home/scott/git/live-photo-extract/immich-library/library/scott/2022/04/06/18_59-VID-IMG_0391.mp4: [Errno 2] No such file or directory: '/home/scott/git/live-photo-extract/output/library/scott/2022/04/06/18_59-VID-IMG_0391.mp4'
Error processing /home/scott/git/live-photo-extract/immich-library/library/scott/2022/05/10/17_16-VID-IMG_0548.mp4: [Errno 2] No such file or directory: '/home/scott/git/live-photo-extract/output/library/scott/2022/05/10/17_16-VID-IMG_0548.mp4'
Error processing /home/scott/git/live-photo-extract/immich-library/library/scott/2022/05/10/18_10-VID-IMG_0555.mp4: [Errno 2] No such file or directory: '/home/scott/git/live-photo-extract/output/library/scott/2022/05/10/18_10-VID-IMG_0555.mp4'
Error processing /home/scott/git/live-photo-extract/immich-library/library/scott/2022/05/10/17_08-VID-IMG_0545.mp4: [Errno 2] No such file or directory: '/home/scott/git/live-photo-extract/output/library/scott/2022/05/10/17_08-VID-IMG_0545.mp4'
Error processing /home/scott/git/live-photo-extract/immich-library/library/scott/2022/05/10/17_17-VID-IMG_0551.mp4: [Errno 2] No such file or directory: '/home/scott/git/live-photo-extract/output/library/scott/2022/05/10/17_17-VID-IMG_0551.mp4'
Error processing /home/scott/git/live-photo-extract/immich-library/library/scott/2022/07/03/17_30-VID-IMG_0735.mp4: [Errno 2] No such file or directory: '/home/scott/git/live-photo-extract/output/library/scott/2022/07/03/17_30-VID-IMG_0735.mp4'
Error processing /home/scott/git/live-photo-extract/immich-library/library/scott/2021/04/05/11_31-VID-IMG_0034.mp4: [Errno 2] No such file or directory: '/home/scott/git/live-photo-extract/output/library/scott/2021/04/05/11_31-VID-IMG_0034.mp4'
Error processing /home/scott/git/live-photo-extract/immich-library/library/scott/2021/2021-04-05/392017fd-63c1-43ef-9bd5-445ab3759026.mp4: [Errno 2] No such file or directory: '/home/scott/git/live-photo-extract/output/library/scott/2021/2021-04-05/392017fd-63c1-43ef-9bd5-445ab3759026.mp4'
Error processing /home/scott/git/live-photo-extract/immich-library/library/scott/2021/05/31/15_18-VID-IMG_0032.mp4: [Errno 2] No such file or directory: '/home/scott/git/live-photo-extract/output/library/scott/2021/05/31/15_18-VID-IMG_0032.mp4'
Error processing /home/scott/git/live-photo-extract/immich-library/library/scott/2021/07/10/13_29-VID-IMG_0013.mp4: [Errno 2] No such file or directory: '/home/scott/git/live-photo-extract/output/library/scott/2021/07/10/13_29-VID-IMG_0013.mp4'
Error processing /home/scott/git/live-photo-extract/immich-library/library/scott/2021/11/28/04_06-VID-recorded-18731972043562.mp4: [Errno 2] No such file or directory: '/home/scott/git/live-photo-extract/output/library/scott/2021/11/28/04_06-VID-recorded-18731972043562.mp4'
Error processing /home/scott/git/live-photo-extract/immich-library/library/scott/2006/07/22/16_02-VID-00036.avi: [Errno 2] No such file or directory: '/home/scott/git/live-photo-extract/output/library/scott/2006/07/22/16_02-VID-00036.avi'
Error processing /home/scott/git/live-photo-extract/immich-library/library/scott/2008/08/03/10_18-VID-mvi_0221.avi: [Errno 2] No such file or directory: '/home/scott/git/live-photo-extract/output/library/scott/2008/08/03/10_18-VID-mvi_0221.avi'
Error processing /home/scott/git/live-photo-extract/immich-library/library/scott/2017/12/09/23_16-VID-img_0057.mov: [Errno 2] No such file or directory: '/home/scott/git/live-photo-extract/output/library/scott/2017/12/09/23_16-VID-img_0057.mov'
Error processing /home/scott/git/live-photo-extract/immich-library/library/scott/2017/12/09/23_42-VID-img_0061.mov: [Errno 2] No such file or directory: '/home/scott/git/live-photo-extract/output/library/scott/2017/12/09/23_42-VID-img_0061.mov'
Error processing /home/scott/git/live-photo-extract/immich-library/library/scott/2017/12/09/22_40-VID-img_0026.mov: [Errno 2] No such file or directory: '/home/scott/git/live-photo-extract/output/library/scott/2017/12/09/22_40-VID-img_0026.mov'
Error processing /home/scott/git/live-photo-extract/immich-library/library/scott/2017/12/09/23_42-VID-img_0060.mov: [Errno 2] No such file or directory: '/home/scott/git/live-photo-extract/output/library/scott/2017/12/09/23_42-VID-img_0060.mov'
Error processing /home/scott/git/live-photo-extract/immich-library/library/scott/2017/12/09/22_44-VID-img_0029.mov: [Errno 2] No such file or directory: '/home/scott/git/live-photo-extract/output/library/scott/2017/12/09/22_44-VID-img_0029.mov'
Error processing /home/scott/git/live-photo-extract/immich-library/library/scott/2017/12/09/22_48-VID-img_0035.mov: [Errno 2] No such file or directory: '/home/scott/git/live-photo-extract/output/library/scott/2017/12/09/22_48-VID-img_0035.mov'
Error processing /home/scott/git/live-photo-extract/immich-library/library/scott/2017/12/09/23_43-VID-img_0064.mov: [Errno 2] No such file or directory: '/home/scott/git/live-photo-extract/output/library/scott/2017/12/09/23_43-VID-img_0064.mov'
Error processing /home/scott/git/live-photo-extract/immich-library/library/scott/2017/12/09/23_16-VID-img_0058.mov: [Errno 2] No such file or directory: '/home/scott/git/live-photo-extract/output/library/scott/2017/12/09/23_16-VID-img_0058.mov'
Error processing /home/scott/git/live-photo-extract/immich-library/library/scott/2017/12/09/22_53-VID-img_0043.mov: [Errno 2] No such file or directory: '/home/scott/git/live-photo-extract/output/library/scott/2017/12/09/22_53-VID-img_0043.mov'
Error processing /home/scott/git/live-photo-extract/immich-library/library/scott/2017/12/09/22_45-VID-img_0034.mov: [Errno 2] No such file or directory: '/home/scott/git/live-photo-extract/output/library/scott/2017/12/09/22_45-VID-img_0034.mov'
Error processing /home/scott/git/live-photo-extract/immich-library/library/scott/2017/12/09/23_42-VID-img_0063.mov: [Errno 2] No such file or directory: '/home/scott/git/live-photo-extract/output/library/scott/2017/12/09/23_42-VID-img_0063.mov'
Error processing /home/scott/git/live-photo-extract/immich-library/library/scott/2017/12/09/22_45-VID-img_0032.mov: [Errno 2] No such file or directory: '/home/scott/git/live-photo-extract/output/library/scott/2017/12/09/22_45-VID-img_0032.mov'
Error processing /home/scott/git/live-photo-extract/immich-library/library/scott/2017/12/09/22_53-VID-img_0045.mov: [Errno 2] No such file or directory: '/home/scott/git/live-photo-extract/output/library/scott/2017/12/09/22_53-VID-img_0045.mov'
Error processing /home/scott/git/live-photo-extract/immich-library/library/scott/2017/12/09/22_57-VID-img_0048.mov: [Errno 2] No such file or directory: '/home/scott/git/live-photo-extract/output/library/scott/2017/12/09/22_57-VID-img_0048.mov'
Error processing /home/scott/git/live-photo-extract/immich-library/library/scott/2017/12/09/23_15-VID-img_0054.mov: [Errno 2] No such file or directory: '/home/scott/git/live-photo-extract/output/library/scott/2017/12/09/23_15-VID-img_0054.mov'
Error processing /home/scott/git/live-photo-extract/immich-library/library/scott/2017/12/09/23_06-VID-img_0053.mov: [Errno 2] No such file or directory: '/home/scott/git/live-photo-extract/output/library/scott/2017/12/09/23_06-VID-img_0053.mov'
Error processing /home/scott/git/live-photo-extract/immich-library/library/scott/2017/12/09/22_51-VID-img_0037.mov: [Errno 2] No such file or directory: '/home/scott/git/live-photo-extract/output/library/scott/2017/12/09/22_51-VID-img_0037.mov'
Error processing /home/scott/git/live-photo-extract/immich-library/library/scott/2017/12/09/22_44-VID-img_0031.mov: [Errno 2] No such file or directory: '/home/scott/git/live-photo-extract/output/library/scott/2017/12/09/22_44-VID-img_0031.mov'
Error processing /home/scott/git/live-photo-extract/immich-library/library/scott/2017/12/09/17_46-VID-img_0071.mov: [Errno 2] No such file or directory: '/home/scott/git/live-photo-extract/output/library/scott/2017/12/09/17_46-VID-img_0071.mov'
Error processing /home/scott/git/live-photo-extract/immich-library/library/scott/2017/12/09/22_56-VID-img_0047.mov: [Errno 2] No such file or directory: '/home/scott/git/live-photo-extract/output/library/scott/2017/12/09/22_56-VID-img_0047.mov'
Error processing /home/scott/git/live-photo-extract/immich-library/library/scott/2017/12/09/17_06-VID-img_0053.mov: [Errno 2] No such file or directory: '/home/scott/git/live-photo-extract/output/library/scott/2017/12/09/17_06-VID-img_0053.mov'
Error processing /home/scott/git/live-photo-extract/immich-library/library/scott/2017/12/09/23_42-VID-img_0062.mov: [Errno 2] No such file or directory: '/home/scott/git/live-photo-extract/output/library/scott/2017/12/09/23_42-VID-img_0062.mov'
Error processing /home/scott/git/live-photo-extract/immich-library/library/scott/2017/12/09/22_44-VID-img_0028.mov: [Errno 2] No such file or directory: '/home/scott/git/live-photo-extract/output/library/scott/2017/12/09/22_44-VID-img_0028.mov'
Error processing /home/scott/git/live-photo-extract/immich-library/library/scott/2017/12/09/22_48-VID-img_0036.mov: [Errno 2] No such file or directory: '/home/scott/git/live-photo-extract/output/library/scott/2017/12/09/22_48-VID-img_0036.mov'
Error processing /home/scott/git/live-photo-extract/immich-library/library/scott/2017/12/09/22_53-VID-img_0042.mov: [Errno 2] No such file or directory: '/home/scott/git/live-photo-extract/output/library/scott/2017/12/09/22_53-VID-img_0042.mov'
Error processing /home/scott/git/live-photo-extract/immich-library/library/scott/2017/12/09/22_41-VID-img_0027.mov: [Errno 2] No such file or directory: '/home/scott/git/live-photo-extract/output/library/scott/2017/12/09/22_41-VID-img_0027.mov'
Error processing /home/scott/git/live-photo-extract/immich-library/library/scott/2017/12/09/23_44-VID-img_0067.mov: [Errno 2] No such file or directory: '/home/scott/git/live-photo-extract/output/library/scott/2017/12/09/23_44-VID-img_0067.mov'
Error processing /home/scott/git/live-photo-extract/immich-library/library/scott/2017/12/09/23_46-VID-img_0070.mov: [Errno 2] No such file or directory: '/home/scott/git/live-photo-extract/output/library/scott/2017/12/09/23_46-VID-img_0070.mov'
Error processing /home/scott/git/live-photo-extract/immich-library/library/scott/2017/12/09/22_58-VID-img_0051.mov: [Errno 2] No such file or directory: '/home/scott/git/live-photo-extract/output/library/scott/2017/12/09/22_58-VID-img_0051.mov'
Error processing /home/scott/git/live-photo-extract/immich-library/library/scott/2017/12/09/23_45-VID-img_0068.mov: [Errno 2] No such file or directory: '/home/scott/git/live-photo-extract/output/library/scott/2017/12/09/23_45-VID-img_0068.mov'
Error processing /home/scott/git/live-photo-extract/immich-library/library/scott/2017/12/09/23_45-VID-img_0069.mov: [Errno 2] No such file or directory: '/home/scott/git/live-photo-extract/output/library/scott/2017/12/09/23_45-VID-img_0069.mov'
Error processing /home/scott/git/live-photo-extract/immich-library/library/scott/2017/12/09/22_56-VID-img_0046.mov: [Errno 2] No such file or directory: '/home/scott/git/live-photo-extract/output/library/scott/2017/12/09/22_56-VID-img_0046.mov'
Error processing /home/scott/git/live-photo-extract/immich-library/library/scott/2017/12/09/22_44-VID-img_0030.mov: [Errno 2] No such file or directory: '/home/scott/git/live-photo-extract/output/library/scott/2017/12/09/22_44-VID-img_0030.mov'
Error processing /home/scott/git/live-photo-extract/immich-library/library/scott/2017/12/09/22_57-VID-img_0050.mov: [Errno 2] No such file or directory: '/home/scott/git/live-photo-extract/output/library/scott/2017/12/09/22_57-VID-img_0050.mov'
Error processing /home/scott/git/live-photo-extract/immich-library/library/scott/2017/12/09/23_43-VID-img_0065.mov: [Errno 2] No such file or directory: '/home/scott/git/live-photo-extract/output/library/scott/2017/12/09/23_43-VID-img_0065.mov'
Error processing /home/scott/git/live-photo-extract/immich-library/library/scott/2017/12/09/23_46-VID-img_0071.mov: [Errno 2] No such file or directory: '/home/scott/git/live-photo-extract/output/library/scott/2017/12/09/23_46-VID-img_0071.mov'
Error processing /home/scott/git/live-photo-extract/immich-library/library/scott/2017/12/09/22_51-VID-img_0038.mov: [Errno 2] No such file or directory: '/home/scott/git/live-photo-extract/output/library/scott/2017/12/09/22_51-VID-img_0038.mov'
Error processing /home/scott/git/live-photo-extract/immich-library/library/scott/2017/12/09/23_36-VID-img_0059.mov: [Errno 2] No such file or directory: '/home/scott/git/live-photo-extract/output/library/scott/2017/12/09/23_36-VID-img_0059.mov'
Error processing /home/scott/git/live-photo-extract/immich-library/library/scott/2017/12/09/23_06-VID-img_0052.mov: [Errno 2] No such file or directory: '/home/scott/git/live-photo-extract/output/library/scott/2017/12/09/23_06-VID-img_0052.mov'
Error processing /home/scott/git/live-photo-extract/immich-library/library/scott/2017/12/09/16_52-VID-img_0040.mov: [Errno 2] No such file or directory: '/home/scott/git/live-photo-extract/output/library/scott/2017/12/09/16_52-VID-img_0040.mov'
Error processing /home/scott/git/live-photo-extract/immich-library/library/scott/2017/12/09/23_44-VID-img_0066.mov: [Errno 2] No such file or directory: '/home/scott/git/live-photo-extract/output/library/scott/2017/12/09/23_44-VID-img_0066.mov'
Error processing /home/scott/git/live-photo-extract/immich-library/library/scott/2017/12/09/22_52-VID-img_0040.mov: [Errno 2] No such file or directory: '/home/scott/git/live-photo-extract/output/library/scott/2017/12/09/22_52-VID-img_0040.mov'
Error processing /home/scott/git/live-photo-extract/immich-library/library/scott/2017/12/09/22_52-VID-img_0041.mov: [Errno 2] No such file or directory: '/home/scott/git/live-photo-extract/output/library/scott/2017/12/09/22_52-VID-img_0041.mov'
Error processing /home/scott/git/live-photo-extract/immich-library/library/scott/2017/12/09/22_51-VID-img_0039.mov: [Errno 2] No such file or directory: '/home/scott/git/live-photo-extract/output/library/scott/2017/12/09/22_51-VID-img_0039.mov'
Error processing /home/scott/git/live-photo-extract/immich-library/library/scott/2017/12/09/22_57-VID-img_0049.mov: [Errno 2] No such file or directory: '/home/scott/git/live-photo-extract/output/library/scott/2017/12/09/22_57-VID-img_0049.mov'
Error processing /home/scott/git/live-photo-extract/immich-library/library/scott/2017/12/09/22_45-VID-img_0033.mov: [Errno 2] No such file or directory: '/home/scott/git/live-photo-extract/output/library/scott/2017/12/09/22_45-VID-img_0033.mov'
Error processing /home/scott/git/live-photo-extract/immich-library/library/scott/2023/09/04/17_32-VID-2023-09-04_17-32-13_790.heic.mov: [Errno 2] No such file or directory: '/home/scott/git/live-photo-extract/output/library/scott/2023/09/04/17_32-VID-2023-09-04_17-32-13_790.heic.mov'
Error processing /home/scott/git/live-photo-extract/immich-library/library/scott/2023/09/16/10_23-VID-IMG_1669.mov: [Errno 2] No such file or directory: '/home/scott/git/live-photo-extract/output/library/scott/2023/09/16/10_23-VID-IMG_1669.mov'
Error processing /home/scott/git/live-photo-extract/immich-library/library/scott/2023/09/16/10_23-VID-IMG_1670.mov: [Errno 2] No such file or directory: '/home/scott/git/live-photo-extract/output/library/scott/2023/09/16/10_23-VID-IMG_1670.mov'
Error processing /home/scott/git/live-photo-extract/immich-library/library/scott/2023/09/10/14_20-VID-2023-09-10_14-20-08_227.heic.mov: [Errno 2] No such file or directory: '/home/scott/git/live-photo-extract/output/library/scott/2023/09/10/14_20-VID-2023-09-10_14-20-08_227.heic.mov'
Error processing /home/scott/git/live-photo-extract/immich-library/library/scott/2023/09/12/18_43-VID-2023-09-12_18-43-10_345.heic.mov: [Errno 2] No such file or directory: '/home/scott/git/live-photo-extract/output/library/scott/2023/09/12/18_43-VID-2023-09-12_18-43-10_345.heic.mov'
Error processing /home/scott/git/live-photo-extract/immich-library/library/scott/2023/10/05/18_24-VID-IMG_1735.mov: [Errno 2] No such file or directory: '/home/scott/git/live-photo-extract/output/library/scott/2023/10/05/18_24-VID-IMG_1735.mov'
Error processing /home/scott/git/live-photo-extract/immich-library/library/scott/2023/10/26/20_46-VID-IMG_1942.mov: [Errno 2] No such file or directory: '/home/scott/git/live-photo-extract/output/library/scott/2023/10/26/20_46-VID-IMG_1942.mov'
Error processing /home/scott/git/live-photo-extract/immich-library/library/scott/2023/10/26/20_44-VID-IMG_1937.mov: [Errno 2] No such file or directory: '/home/scott/git/live-photo-extract/output/library/scott/2023/10/26/20_44-VID-IMG_1937.mov'
Error processing /home/scott/git/live-photo-extract/immich-library/library/scott/2023/10/26/20_46-VID-IMG_1945.mov: [Errno 2] No such file or directory: '/home/scott/git/live-photo-extract/output/library/scott/2023/10/26/20_46-VID-IMG_1945.mov'
Error processing /home/scott/git/live-photo-extract/immich-library/library/scott/2023/10/26/20_46-VID-IMG_1943.mov: [Errno 2] No such file or directory: '/home/scott/git/live-photo-extract/output/library/scott/2023/10/26/20_46-VID-IMG_1943.mov'
Error processing /home/scott/git/live-photo-extract/immich-library/library/scott/2023/10/26/20_46-VID-IMG_1944.mov: [Errno 2] No such file or directory: '/home/scott/git/live-photo-extract/output/library/scott/2023/10/26/20_46-VID-IMG_1944.mov'
Error processing /home/scott/git/live-photo-extract/immich-library/library/scott/2023/10/26/20_43-VID-IMG_1933.mov: [Errno 2] No such file or directory: '/home/scott/git/live-photo-extract/output/library/scott/2023/10/26/20_43-VID-IMG_1933.mov'
Error processing /home/scott/git/live-photo-extract/immich-library/library/scott/2023/10/26/20_42-VID-IMG_1930.mov: [Errno 2] No such file or directory: '/home/scott/git/live-photo-extract/output/library/scott/2023/10/26/20_42-VID-IMG_1930.mov'
Error processing /home/scott/git/live-photo-extract/immich-library/library/scott/2023/10/26/20_45-VID-2023-10-26_20-45-00_941.heic.mov: [Errno 2] No such file or directory: '/home/scott/git/live-photo-extract/output/library/scott/2023/10/26/20_45-VID-2023-10-26_20-45-00_941.heic.mov'
Error processing /home/scott/git/live-photo-extract/immich-library/library/scott/2023/10/26/20_43-VID-IMG_1932.mov: [Errno 2] No such file or directory: '/home/scott/git/live-photo-extract/output/library/scott/2023/10/26/20_43-VID-IMG_1932.mov'
Error processing /home/scott/git/live-photo-extract/immich-library/library/scott/2023/10/26/20_42-VID-2023-10-26_20-42-38_854.heic.mov: [Errno 2] No such file or directory: '/home/scott/git/live-photo-extract/output/library/scott/2023/10/26/20_42-VID-2023-10-26_20-42-38_854.heic.mov'
Error processing /home/scott/git/live-photo-extract/immich-library/library/scott/2023/05/06/20_23-VID-70511541396__DC3F305D-F9BA-41EF-B42E-013165024437.fullsizerender.mov: [Errno 2] No such file or directory: '/home/scott/git/live-photo-extract/output/library/scott/2023/05/06/20_23-VID-70511541396__DC3F305D-F9BA-41EF-B42E-013165024437.fullsizerender.mov'
Error processing /home/scott/git/live-photo-extract/immich-library/library/scott/2023/06/24/12_10-VID-2023-06-24_12-10-44_249.heic.mov: [Errno 2] No such file or directory: '/home/scott/git/live-photo-extract/output/library/scott/2023/06/24/12_10-VID-2023-06-24_12-10-44_249.heic.mov'
Error processing /home/scott/git/live-photo-extract/immich-library/library/scott/2023/06/24/13_40-VID-2023-06-24_13-40-58_735.heic.mov: [Errno 2] No such file or directory: '/home/scott/git/live-photo-extract/output/library/scott/2023/06/24/13_40-VID-2023-06-24_13-40-58_735.heic.mov'
Error processing /home/scott/git/live-photo-extract/immich-library/library/scott/2023/12/22/08_19-VID-2023-12-22_08-19-12_197.heic.mov: [Errno 2] No such file or directory: '/home/scott/git/live-photo-extract/output/library/scott/2023/12/22/08_19-VID-2023-12-22_08-19-12_197.heic.mov'
Error processing /home/scott/git/live-photo-extract/immich-library/library/scott/2023/11/23/12_18-VID-2023-11-23_12-18-09_465.heic.mov: [Errno 2] No such file or directory: '/home/scott/git/live-photo-extract/output/library/scott/2023/11/23/12_18-VID-2023-11-23_12-18-09_465.heic.mov'
Error processing /home/scott/git/live-photo-extract/immich-library/library/scott/2023/11/23/12_18-VID-2023-11-23_12-18-25_000.heic.mov: [Errno 2] No such file or directory: '/home/scott/git/live-photo-extract/output/library/scott/2023/11/23/12_18-VID-2023-11-23_12-18-25_000.heic.mov'
Error processing /home/scott/git/live-photo-extract/immich-library/library/scott/2023/11/23/12_18-VID-IMG_1978.mov: [Errno 2] No such file or directory: '/home/scott/git/live-photo-extract/output/library/scott/2023/11/23/12_18-VID-IMG_1978.mov'
Error processing /home/scott/git/live-photo-extract/immich-library/library/scott/2023/11/23/12_18-VID-IMG_1976.mov: [Errno 2] No such file or directory: '/home/scott/git/live-photo-extract/output/library/scott/2023/11/23/12_18-VID-IMG_1976.mov'
Error processing /home/scott/git/live-photo-extract/immich-library/library/scott/2023/11/28/18_49-VID-IMG_2030.mov: [Errno 2] No such file or directory: '/home/scott/git/live-photo-extract/output/library/scott/2023/11/28/18_49-VID-IMG_2030.mov'
Error processing /home/scott/git/live-photo-extract/immich-library/library/scott/2023/01/07/17_11-VID-IMG_0159.mov: [Errno 2] No such file or directory: '/home/scott/git/live-photo-extract/output/library/scott/2023/01/07/17_11-VID-IMG_0159.mov'
Error processing /home/scott/git/live-photo-extract/immich-library/library/scott/2020/05/20/12_14-VID-IMG_2702.mov: [Errno 2] No such file or directory: '/home/scott/git/live-photo-extract/output/library/scott/2020/05/20/12_14-VID-IMG_2702.mov'
Error processing /home/scott/git/live-photo-extract/immich-library/library/scott/2020/06/20/15_51-VID-2020-06-20_15-51-37_389.heic.mov: [Errno 2] No such file or directory: '/home/scott/git/live-photo-extract/output/library/scott/2020/06/20/15_51-VID-2020-06-20_15-51-37_389.heic.mov'
Error processing /home/scott/git/live-photo-extract/immich-library/library/scott/2020/06/20/15_51-VID-2020-06-20_15-51-35_956.heic.mov: [Errno 2] No such file or directory: '/home/scott/git/live-photo-extract/output/library/scott/2020/06/20/15_51-VID-2020-06-20_15-51-35_956.heic.mov'
Error processing /home/scott/git/live-photo-extract/immich-library/library/scott/2020/06/17/11_32-VID-IMG_3157.mov: [Errno 2] No such file or directory: '/home/scott/git/live-photo-extract/output/library/scott/2020/06/17/11_32-VID-IMG_3157.mov'
Error processing /home/scott/git/live-photo-extract/immich-library/library/scott/2020/12/24/19_26-VID-2020-12-24_19-26-00_977.heic.mov: [Errno 2] No such file or directory: '/home/scott/git/live-photo-extract/output/library/scott/2020/12/24/19_26-VID-2020-12-24_19-26-00_977.heic.mov'
Error processing /home/scott/git/live-photo-extract/immich-library/library/scott/2020/12/24/19_05-VID-2020-12-24_19-05-45_487.heic.mov: [Errno 2] No such file or directory: '/home/scott/git/live-photo-extract/output/library/scott/2020/12/24/19_05-VID-2020-12-24_19-05-45_487.heic.mov'
Error processing /home/scott/git/live-photo-extract/immich-library/library/scott/2020/12/25/10_00-VID-2020-12-25_10-00-21_660.heic.mov: [Errno 2] No such file or directory: '/home/scott/git/live-photo-extract/output/library/scott/2020/12/25/10_00-VID-2020-12-25_10-00-21_660.heic.mov'
Error processing /home/scott/git/live-photo-extract/immich-library/library/scott/2020/12/25/09_54-VID-2020-12-25_09-54-03_310.heic.mov: [Errno 2] No such file or directory: '/home/scott/git/live-photo-extract/output/library/scott/2020/12/25/09_54-VID-2020-12-25_09-54-03_310.heic.mov'
Error processing /home/scott/git/live-photo-extract/immich-library/library/scott/2020/12/25/09_43-VID-2020-12-25_09-43-32_821.heic.mov: [Errno 2] No such file or directory: '/home/scott/git/live-photo-extract/output/library/scott/2020/12/25/09_43-VID-2020-12-25_09-43-32_821.heic.mov'
Error processing /home/scott/git/live-photo-extract/immich-library/library/scott/2020/11/27/09_47-VID-2020-11-27_09-47-05_062.heic.mov: [Errno 2] No such file or directory: '/home/scott/git/live-photo-extract/output/library/scott/2020/11/27/09_47-VID-2020-11-27_09-47-05_062.heic.mov'
Error processing /home/scott/git/live-photo-extract/immich-library/library/scott/2020/11/26/12_37-VID-2020-11-26_12-37-16_575.heic.mov: [Errno 2] No such file or directory: '/home/scott/git/live-photo-extract/output/library/scott/2020/11/26/12_37-VID-2020-11-26_12-37-16_575.heic.mov'
Error processing /home/scott/git/live-photo-extract/immich-library/library/scott/2020/11/25/18_47-VID-IMG_4691.mov: [Errno 2] No such file or directory: '/home/scott/git/live-photo-extract/output/library/scott/2020/11/25/18_47-VID-IMG_4691.mov'
Error processing /home/scott/git/live-photo-extract/immich-library/library/scott/2020/11/07/14_01-VID-2020-11-07_14-01-47_741.heic.mov: [Errno 2] No such file or directory: '/home/scott/git/live-photo-extract/output/library/scott/2020/11/07/14_01-VID-2020-11-07_14-01-47_741.heic.mov'
Error processing /home/scott/git/live-photo-extract/immich-library/library/scott/2019/08/16/02_48-VID-img_0064.mov: [Errno 2] No such file or directory: '/home/scott/git/live-photo-extract/output/library/scott/2019/08/16/02_48-VID-img_0064.mov'
Error processing /home/scott/git/live-photo-extract/immich-library/library/scott/2024/04/29/18_48-VID-2024-04-29_20-48-11_134.heic.mov: [Errno 2] No such file or directory: '/home/scott/git/live-photo-extract/output/library/scott/2024/04/29/18_48-VID-2024-04-29_20-48-11_134.heic.mov'
Error processing /home/scott/git/live-photo-extract/immich-library/library/scott/2024/05/19/10_57-VID-IMG_2749.mov: [Errno 2] No such file or directory: '/home/scott/git/live-photo-extract/output/library/scott/2024/05/19/10_57-VID-IMG_2749.mov'
Error processing /home/scott/git/live-photo-extract/immich-library/library/scott/2024/05/27/08_41-VID-2024-05-27_08-41-44_033.heic.mov: [Errno 2] No such file or directory: '/home/scott/git/live-photo-extract/output/library/scott/2024/05/27/08_41-VID-2024-05-27_08-41-44_033.heic.mov'
Error processing /home/scott/git/live-photo-extract/immich-library/library/scott/2024/05/18/18_33-VID-2024-05-18_18-33-36_022.heic.mov: [Errno 2] No such file or directory: '/home/scott/git/live-photo-extract/output/library/scott/2024/05/18/18_33-VID-2024-05-18_18-33-36_022.heic.mov'
Error processing /home/scott/git/live-photo-extract/immich-library/library/scott/2024/05/12/07_45-VID-2024-05-12_07-45-36_122.heic.mov: [Errno 2] No such file or directory: '/home/scott/git/live-photo-extract/output/library/scott/2024/05/12/07_45-VID-2024-05-12_07-45-36_122.heic.mov'
Error processing /home/scott/git/live-photo-extract/immich-library/library/scott/2024/05/12/07_47-VID-IMG_2723.mov: [Errno 2] No such file or directory: '/home/scott/git/live-photo-extract/output/library/scott/2024/05/12/07_47-VID-IMG_2723.mov'
Error processing /home/scott/git/live-photo-extract/immich-library/library/scott/2024/05/12/07_45-VID-IMG_2722.mov: [Errno 2] No such file or directory: '/home/scott/git/live-photo-extract/output/library/scott/2024/05/12/07_45-VID-IMG_2722.mov'
Error processing /home/scott/git/live-photo-extract/immich-library/library/scott/2024/06/25/19_30-VID-2024-06-25_19-30-45_768.heic.mov: [Errno 2] No such file or directory: '/home/scott/git/live-photo-extract/output/library/scott/2024/06/25/19_30-VID-2024-06-25_19-30-45_768.heic.mov'
Error processing /home/scott/git/live-photo-extract/immich-library/library/scott/2024/06/18/20_04-VID-IMG_3133.mov: [Errno 2] No such file or directory: '/home/scott/git/live-photo-extract/output/library/scott/2024/06/18/20_04-VID-IMG_3133.mov'
Error processing /home/scott/git/live-photo-extract/immich-library/library/scott/2024/06/18/20_04-VID-2024-06-18_21-04-24_012.heic.mov: [Errno 2] No such file or directory: '/home/scott/git/live-photo-extract/output/library/scott/2024/06/18/20_04-VID-2024-06-18_21-04-24_012.heic.mov'
Error processing /home/scott/git/live-photo-extract/immich-library/library/scott/2018/06/29/13_54-VID-p1040363.mov: [Errno 2] No such file or directory: '/home/scott/git/live-photo-extract/output/library/scott/2018/06/29/13_54-VID-p1040363.mov'
Error processing /home/scott/git/live-photo-extract/immich-library/library/scott/2018/06/29/13_56-VID-p1040366.mov: [Errno 2] No such file or directory: '/home/scott/git/live-photo-extract/output/library/scott/2018/06/29/13_56-VID-p1040366.mov'
Error processing /home/scott/git/live-photo-extract/immich-library/library/scott/2018/06/29/13_56-VID-p1040367.mov: [Errno 2] No such file or directory: '/home/scott/git/live-photo-extract/output/library/scott/2018/06/29/13_56-VID-p1040367.mov'
Error processing /home/scott/git/live-photo-extract/immich-library/library/scott/2018/07/01/06_03-VID-p1040399.mov: [Errno 2] No such file or directory: '/home/scott/git/live-photo-extract/output/library/scott/2018/07/01/06_03-VID-p1040399.mov'
Error processing /home/scott/git/live-photo-extract/immich-library/library/scott/2022/09/10/16_24-VID-IMG_0837.mov: [Errno 2] No such file or directory: '/home/scott/git/live-photo-extract/output/library/scott/2022/09/10/16_24-VID-IMG_0837.mov'
Error processing /home/scott/git/live-photo-extract/immich-library/library/scott/2022/09/10/16_24-VID-IMG_0837+1.mov: [Errno 2] No such file or directory: '/home/scott/git/live-photo-extract/output/library/scott/2022/09/10/16_24-VID-IMG_0837+1.mov'
Error processing /home/scott/git/live-photo-extract/immich-library/library/scott/2022/09/10/16_24-VID-IMG_0838.mov: [Errno 2] No such file or directory: '/home/scott/git/live-photo-extract/output/library/scott/2022/09/10/16_24-VID-IMG_0838.mov'
Error processing /home/scott/git/live-photo-extract/immich-library/library/scott/2022/04/09/10_22-VID-2022-04-09_10-22-09_901.heic.mov: [Errno 2] No such file or directory: '/home/scott/git/live-photo-extract/output/library/scott/2022/04/09/10_22-VID-2022-04-09_10-22-09_901.heic.mov'
Error processing /home/scott/git/live-photo-extract/immich-library/library/scott/2022/04/09/16_39-VID-2022-04-09_16-39-42_033.heic.mov: [Errno 2] No such file or directory: '/home/scott/git/live-photo-extract/output/library/scott/2022/04/09/16_39-VID-2022-04-09_16-39-42_033.heic.mov'
Error processing /home/scott/git/live-photo-extract/immich-library/library/scott/2022/04/16/10_17-VID-2022-04-16_10-17-39_913.heic.mov: [Errno 2] No such file or directory: '/home/scott/git/live-photo-extract/output/library/scott/2022/04/16/10_17-VID-2022-04-16_10-17-39_913.heic.mov'
Error processing /home/scott/git/live-photo-extract/immich-library/library/scott/2022/04/06/18_37-VID-2022-04-06_18-37-27_962.heic.mov: [Errno 2] No such file or directory: '/home/scott/git/live-photo-extract/output/library/scott/2022/04/06/18_37-VID-2022-04-06_18-37-27_962.heic.mov'
Error processing /home/scott/git/live-photo-extract/immich-library/library/scott/2022/04/12/20_20-VID-IMG_8410.mov: [Errno 2] No such file or directory: '/home/scott/git/live-photo-extract/output/library/scott/2022/04/12/20_20-VID-IMG_8410.mov'
Error processing /home/scott/git/live-photo-extract/immich-library/library/scott/2022/08/18/11_17-VID-2022-08-18_11-17-24_144.heic.mov: [Errno 2] No such file or directory: '/home/scott/git/live-photo-extract/output/library/scott/2022/08/18/11_17-VID-2022-08-18_11-17-24_144.heic.mov'
Error processing /home/scott/git/live-photo-extract/immich-library/library/scott/2022/08/18/11_19-VID-2022-08-18_11-19-44_304.heic.mov: [Errno 2] No such file or directory: '/home/scott/git/live-photo-extract/output/library/scott/2022/08/18/11_19-VID-2022-08-18_11-19-44_304.heic.mov'
Error processing /home/scott/git/live-photo-extract/immich-library/library/scott/2022/08/18/14_21-VID-2022-08-18_14-21-41_039.heic.mov: [Errno 2] No such file or directory: '/home/scott/git/live-photo-extract/output/library/scott/2022/08/18/14_21-VID-2022-08-18_14-21-41_039.heic.mov'
Error processing /home/scott/git/live-photo-extract/immich-library/library/scott/2022/08/18/14_21-VID-2022-08-18_14-21-17_304.heic.mov: [Errno 2] No such file or directory: '/home/scott/git/live-photo-extract/output/library/scott/2022/08/18/14_21-VID-2022-08-18_14-21-17_304.heic.mov'
Error processing /home/scott/git/live-photo-extract/immich-library/library/scott/2022/08/18/14_21-VID-2022-08-18_14-21-14_168.heic.mov: [Errno 2] No such file or directory: '/home/scott/git/live-photo-extract/output/library/scott/2022/08/18/14_21-VID-2022-08-18_14-21-14_168.heic.mov'
Error processing /home/scott/git/live-photo-extract/immich-library/library/scott/2022/10/29/10_39-VID-2022-10-29_10-39-46_908.heic.mov: [Errno 2] No such file or directory: '/home/scott/git/live-photo-extract/output/library/scott/2022/10/29/10_39-VID-2022-10-29_10-39-46_908.heic.mov'
Error processing /home/scott/git/live-photo-extract/immich-library/library/scott/2022/10/29/14_00-VID-2022-10-29_14-00-58_552.heic.mov: [Errno 2] No such file or directory: '/home/scott/git/live-photo-extract/output/library/scott/2022/10/29/14_00-VID-2022-10-29_14-00-58_552.heic.mov'
Error processing /home/scott/git/live-photo-extract/immich-library/library/scott/2022/10/13/13_38-VID-2022-10-13_13-38-46_115.heic.mov: [Errno 2] No such file or directory: '/home/scott/git/live-photo-extract/output/library/scott/2022/10/13/13_38-VID-2022-10-13_13-38-46_115.heic.mov'
Error processing /home/scott/git/live-photo-extract/immich-library/library/scott/2022/10/31/11_45-VID-2022-10-31_11-45-52_091.jpeg.mov: [Errno 2] No such file or directory: '/home/scott/git/live-photo-extract/output/library/scott/2022/10/31/11_45-VID-2022-10-31_11-45-52_091.jpeg.mov'
Error processing /home/scott/git/live-photo-extract/immich-library/library/scott/2022/03/20/21_06-VID-2022-03-20_21-06-13_620.heic.mov: [Errno 2] No such file or directory: '/home/scott/git/live-photo-extract/output/library/scott/2022/03/20/21_06-VID-2022-03-20_21-06-13_620.heic.mov'
Error processing /home/scott/git/live-photo-extract/immich-library/library/scott/2022/05/08/16_14-VID-2022-05-08_16-14-20_449.heic.mov: [Errno 2] No such file or directory: '/home/scott/git/live-photo-extract/output/library/scott/2022/05/08/16_14-VID-2022-05-08_16-14-20_449.heic.mov'
Error processing /home/scott/git/live-photo-extract/immich-library/library/scott/2022/05/08/16_11-VID-2022-05-08_16-11-39_579.heic.mov: [Errno 2] No such file or directory: '/home/scott/git/live-photo-extract/output/library/scott/2022/05/08/16_11-VID-2022-05-08_16-11-39_579.heic.mov'
Error processing /home/scott/git/live-photo-extract/immich-library/library/scott/2022/05/08/16_11-VID-2022-05-08_16-11-54_717.heic.mov: [Errno 2] No such file or directory: '/home/scott/git/live-photo-extract/output/library/scott/2022/05/08/16_11-VID-2022-05-08_16-11-54_717.heic.mov'
Error processing /home/scott/git/live-photo-extract/immich-library/library/scott/2022/05/08/16_29-VID-2022-05-08_16-29-56_364.heic.mov: [Errno 2] No such file or directory: '/home/scott/git/live-photo-extract/output/library/scott/2022/05/08/16_29-VID-2022-05-08_16-29-56_364.heic.mov'
Error processing /home/scott/git/live-photo-extract/immich-library/library/scott/2022/05/08/16_15-VID-2022-05-08_16-15-36_575.heic.mov: [Errno 2] No such file or directory: '/home/scott/git/live-photo-extract/output/library/scott/2022/05/08/16_15-VID-2022-05-08_16-15-36_575.heic.mov'
Error processing /home/scott/git/live-photo-extract/immich-library/library/scott/2022/05/08/16_11-VID-2022-05-08_16-11-27_112.heic.mov: [Errno 2] No such file or directory: '/home/scott/git/live-photo-extract/output/library/scott/2022/05/08/16_11-VID-2022-05-08_16-11-27_112.heic.mov'
Error processing /home/scott/git/live-photo-extract/immich-library/library/scott/2022/05/30/21_09-VID-2022-05-30_21-09-34_273.heic.mov: [Errno 2] No such file or directory: '/home/scott/git/live-photo-extract/output/library/scott/2022/05/30/21_09-VID-2022-05-30_21-09-34_273.heic.mov'
Error processing /home/scott/git/live-photo-extract/immich-library/library/scott/2022/05/07/20_52-VID-2022-05-07_20-52-28_039.heic.mov: [Errno 2] No such file or directory: '/home/scott/git/live-photo-extract/output/library/scott/2022/05/07/20_52-VID-2022-05-07_20-52-28_039.heic.mov'
Error processing /home/scott/git/live-photo-extract/immich-library/library/scott/2022/05/12/12_38-VID-2022-05-12_12-38-00_351.heic.mov: [Errno 2] No such file or directory: '/home/scott/git/live-photo-extract/output/library/scott/2022/05/12/12_38-VID-2022-05-12_12-38-00_351.heic.mov'
Error processing /home/scott/git/live-photo-extract/immich-library/library/scott/2022/05/12/14_16-VID-2022-05-12_14-16-55_341.heic.mov: [Errno 2] No such file or directory: '/home/scott/git/live-photo-extract/output/library/scott/2022/05/12/14_16-VID-2022-05-12_14-16-55_341.heic.mov'
Error processing /home/scott/git/live-photo-extract/immich-library/library/scott/2022/05/12/13_32-VID-2022-05-12_13-32-30_219.heic.mov: [Errno 2] No such file or directory: '/home/scott/git/live-photo-extract/output/library/scott/2022/05/12/13_32-VID-2022-05-12_13-32-30_219.heic.mov'
Error processing /home/scott/git/live-photo-extract/immich-library/library/scott/2022/05/12/12_36-VID-2022-05-12_12-36-00_262.heic.mov: [Errno 2] No such file or directory: '/home/scott/git/live-photo-extract/output/library/scott/2022/05/12/12_36-VID-2022-05-12_12-36-00_262.heic.mov'
Error processing /home/scott/git/live-photo-extract/immich-library/library/scott/2022/05/12/12_35-VID-2022-05-12_12-35-33_194.heic.mov: [Errno 2] No such file or directory: '/home/scott/git/live-photo-extract/output/library/scott/2022/05/12/12_35-VID-2022-05-12_12-35-33_194.heic.mov'
Error processing /home/scott/git/live-photo-extract/immich-library/library/scott/2022/05/12/13_32-VID-2022-05-12_13-32-25_365.heic.mov: [Errno 2] No such file or directory: '/home/scott/git/live-photo-extract/output/library/scott/2022/05/12/13_32-VID-2022-05-12_13-32-25_365.heic.mov'
Error processing /home/scott/git/live-photo-extract/immich-library/library/scott/2022/06/02/03_16-VID-IMG_8464_Original.mov: [Errno 2] No such file or directory: '/home/scott/git/live-photo-extract/output/library/scott/2022/06/02/03_16-VID-IMG_8464_Original.mov'
Error processing /home/scott/git/live-photo-extract/immich-library/library/scott/2022/06/10/16_10-VID-2022-06-10_16-10-43_213.heic.mov: [Errno 2] No such file or directory: '/home/scott/git/live-photo-extract/output/library/scott/2022/06/10/16_10-VID-2022-06-10_16-10-43_213.heic.mov'
Error processing /home/scott/git/live-photo-extract/immich-library/library/scott/2022/06/10/08_33-VID-2022-06-10_08-33-42_705.heic.mov: [Errno 2] No such file or directory: '/home/scott/git/live-photo-extract/output/library/scott/2022/06/10/08_33-VID-2022-06-10_08-33-42_705.heic.mov'
Error processing /home/scott/git/live-photo-extract/immich-library/library/scott/2022/06/22/12_19-VID-2022-06-22_12-19-53_090.heic.mov: [Errno 2] No such file or directory: '/home/scott/git/live-photo-extract/output/library/scott/2022/06/22/12_19-VID-2022-06-22_12-19-53_090.heic.mov'
Error processing /home/scott/git/live-photo-extract/immich-library/library/scott/2022/06/12/08_55-VID-2022-06-12_08-55-22_468.heic.mov: [Errno 2] No such file or directory: '/home/scott/git/live-photo-extract/output/library/scott/2022/06/12/08_55-VID-2022-06-12_08-55-22_468.heic.mov'
Error processing /home/scott/git/live-photo-extract/immich-library/library/scott/2022/06/01/22_16-VID-2022-05-07_20-52-07_572.heic.mov: [Errno 2] No such file or directory: '/home/scott/git/live-photo-extract/output/library/scott/2022/06/01/22_16-VID-2022-05-07_20-52-07_572.heic.mov'
Error processing /home/scott/git/live-photo-extract/immich-library/library/scott/2022/06/01/22_16-VID-2022-04-26_18-13-17_242.heic.mov: [Errno 2] No such file or directory: '/home/scott/git/live-photo-extract/output/library/scott/2022/06/01/22_16-VID-2022-04-26_18-13-17_242.heic.mov'
Error processing /home/scott/git/live-photo-extract/immich-library/library/scott/2022/07/27/07_27-VID-2022-07-27_07-27-52_301.heic.mov: [Errno 2] No such file or directory: '/home/scott/git/live-photo-extract/output/library/scott/2022/07/27/07_27-VID-2022-07-27_07-27-52_301.heic.mov'
Error processing /home/scott/git/live-photo-extract/immich-library/library/scott/2022/07/27/07_28-VID-2022-07-27_07-28-00_591.heic.mov: [Errno 2] No such file or directory: '/home/scott/git/live-photo-extract/output/library/scott/2022/07/27/07_28-VID-2022-07-27_07-28-00_591.heic.mov'
Error processing /home/scott/git/live-photo-extract/immich-library/library/scott/2022/07/06/19_36-VID-2022-07-06_19-36-21_930.heic.mov: [Errno 2] No such file or directory: '/home/scott/git/live-photo-extract/output/library/scott/2022/07/06/19_36-VID-2022-07-06_19-36-21_930.heic.mov'
Error processing /home/scott/git/live-photo-extract/immich-library/library/scott/2022/12/17/23_07-VID-2022-12-17_23-07-56_826.heic.mov: [Errno 2] No such file or directory: '/home/scott/git/live-photo-extract/output/library/scott/2022/12/17/23_07-VID-2022-12-17_23-07-56_826.heic.mov'
Error processing /home/scott/git/live-photo-extract/immich-library/library/scott/2022/12/27/19_29-VID-2022-12-27_19-29-27_913.heic.mov: [Errno 2] No such file or directory: '/home/scott/git/live-photo-extract/output/library/scott/2022/12/27/19_29-VID-2022-12-27_19-29-27_913.heic.mov'
Error processing /home/scott/git/live-photo-extract/immich-library/library/scott/2022/11/08/09_14-VID-IMG_9655.mov: [Errno 2] No such file or directory: '/home/scott/git/live-photo-extract/output/library/scott/2022/11/08/09_14-VID-IMG_9655.mov'
Error processing /home/scott/git/live-photo-extract/immich-library/library/scott/2022/11/08/09_16-VID-IMG_9657.mov: [Errno 2] No such file or directory: '/home/scott/git/live-photo-extract/output/library/scott/2022/11/08/09_16-VID-IMG_9657.mov'
Error processing /home/scott/git/live-photo-extract/immich-library/library/scott/2022/11/08/09_16-VID-2022-11-08_09-16-02_836.heic.mov: [Errno 2] No such file or directory: '/home/scott/git/live-photo-extract/output/library/scott/2022/11/08/09_16-VID-2022-11-08_09-16-02_836.heic.mov'
Error processing /home/scott/git/live-photo-extract/immich-library/library/scott/2022/11/19/11_50-VID-2022-11-19_11-50-31_044.heic.mov: [Errno 2] No such file or directory: '/home/scott/git/live-photo-extract/output/library/scott/2022/11/19/11_50-VID-2022-11-19_11-50-31_044.heic.mov'
Error processing /home/scott/git/live-photo-extract/immich-library/library/scott/2022/11/06/17_26-VID-2022-11-06_17-26-53_879.heic.mov: [Errno 2] No such file or directory: '/home/scott/git/live-photo-extract/output/library/scott/2022/11/06/17_26-VID-2022-11-06_17-26-53_879.heic.mov'
Error processing /home/scott/git/live-photo-extract/immich-library/library/scott/2022/11/01/15_31-VID-2022-11-01_15-31-02_163.heic.mov: [Errno 2] No such file or directory: '/home/scott/git/live-photo-extract/output/library/scott/2022/11/01/15_31-VID-2022-11-01_15-31-02_163.heic.mov'
Error processing /home/scott/git/live-photo-extract/immich-library/library/scott/2021/09/04/18_34-VID-2021-09-04_18-34-28_334.heic.mov: [Errno 2] No such file or directory: '/home/scott/git/live-photo-extract/output/library/scott/2021/09/04/18_34-VID-2021-09-04_18-34-28_334.heic.mov'
Error processing /home/scott/git/live-photo-extract/immich-library/library/scott/2021/09/04/18_45-VID-2021-09-04_18-45-51_132.heic.mov: [Errno 2] No such file or directory: '/home/scott/git/live-photo-extract/output/library/scott/2021/09/04/18_45-VID-2021-09-04_18-45-51_132.heic.mov'
Error processing /home/scott/git/live-photo-extract/immich-library/library/scott/2021/09/04/18_46-VID-2021-09-04_18-46-03_307.heic.mov: [Errno 2] No such file or directory: '/home/scott/git/live-photo-extract/output/library/scott/2021/09/04/18_46-VID-2021-09-04_18-46-03_307.heic.mov'
Error processing /home/scott/git/live-photo-extract/immich-library/library/scott/2021/09/04/18_14-VID-2021-09-04_18-14-18_241.heic.mov: [Errno 2] No such file or directory: '/home/scott/git/live-photo-extract/output/library/scott/2021/09/04/18_14-VID-2021-09-04_18-14-18_241.heic.mov'
Error processing /home/scott/git/live-photo-extract/immich-library/library/scott/2021/09/04/18_31-VID-2021-09-04_18-31-15_364.heic.mov: [Errno 2] No such file or directory: '/home/scott/git/live-photo-extract/output/library/scott/2021/09/04/18_31-VID-2021-09-04_18-31-15_364.heic.mov'
Error processing /home/scott/git/live-photo-extract/immich-library/library/scott/2021/04/11/08_17-VID-IMG_2360.mov: [Errno 2] No such file or directory: '/home/scott/git/live-photo-extract/output/library/scott/2021/04/11/08_17-VID-IMG_2360.mov'
Error processing /home/scott/git/live-photo-extract/immich-library/library/scott/2021/08/02/09_25-VID-IMG_6726.mov: [Errno 2] No such file or directory: '/home/scott/git/live-photo-extract/output/library/scott/2021/08/02/09_25-VID-IMG_6726.mov'
Error processing /home/scott/git/live-photo-extract/immich-library/library/scott/2021/08/02/19_52-VID-2021-08-02_19-52-13_263.heic.mov: [Errno 2] No such file or directory: '/home/scott/git/live-photo-extract/output/library/scott/2021/08/02/19_52-VID-2021-08-02_19-52-13_263.heic.mov'
Error processing /home/scott/git/live-photo-extract/immich-library/library/scott/2021/08/02/15_08-VID-2021-08-02_15-08-12_668.heic.mov: [Errno 2] No such file or directory: '/home/scott/git/live-photo-extract/output/library/scott/2021/08/02/15_08-VID-2021-08-02_15-08-12_668.heic.mov'
Error processing /home/scott/git/live-photo-extract/immich-library/library/scott/2021/08/02/14_33-VID-2021-08-02_14-33-57_013.heic.mov: [Errno 2] No such file or directory: '/home/scott/git/live-photo-extract/output/library/scott/2021/08/02/14_33-VID-2021-08-02_14-33-57_013.heic.mov'
Error processing /home/scott/git/live-photo-extract/immich-library/library/scott/2021/08/02/12_14-VID-2021-08-02_12-14-42_399.heic.mov: [Errno 2] No such file or directory: '/home/scott/git/live-photo-extract/output/library/scott/2021/08/02/12_14-VID-2021-08-02_12-14-42_399.heic.mov'
Error processing /home/scott/git/live-photo-extract/immich-library/library/scott/2021/08/02/16_40-VID-2021-08-02_16-40-33_686.heic.mov: [Errno 2] No such file or directory: '/home/scott/git/live-photo-extract/output/library/scott/2021/08/02/16_40-VID-2021-08-02_16-40-33_686.heic.mov'
Error processing /home/scott/git/live-photo-extract/immich-library/library/scott/2021/08/02/09_28-VID-2021-08-02_09-28-52_597.heic.mov: [Errno 2] No such file or directory: '/home/scott/git/live-photo-extract/output/library/scott/2021/08/02/09_28-VID-2021-08-02_09-28-52_597.heic.mov'
Error processing /home/scott/git/live-photo-extract/immich-library/library/scott/2021/08/02/14_40-VID-2021-08-02_14-40-52_364.heic.mov: [Errno 2] No such file or directory: '/home/scott/git/live-photo-extract/output/library/scott/2021/08/02/14_40-VID-2021-08-02_14-40-52_364.heic.mov'
Error processing /home/scott/git/live-photo-extract/immich-library/library/scott/2021/08/02/10_38-VID-2021-08-02_10-38-55_903.heic.mov: [Errno 2] No such file or directory: '/home/scott/git/live-photo-extract/output/library/scott/2021/08/02/10_38-VID-2021-08-02_10-38-55_903.heic.mov'
Error processing /home/scott/git/live-photo-extract/immich-library/library/scott/2021/08/02/09_28-VID-IMG_6730.mov: [Errno 2] No such file or directory: '/home/scott/git/live-photo-extract/output/library/scott/2021/08/02/09_28-VID-IMG_6730.mov'
Error processing /home/scott/git/live-photo-extract/immich-library/library/scott/2021/08/02/15_04-VID-IMG_6791.mov: [Errno 2] No such file or directory: '/home/scott/git/live-photo-extract/output/library/scott/2021/08/02/15_04-VID-IMG_6791.mov'
Error processing /home/scott/git/live-photo-extract/immich-library/library/scott/2021/08/02/13_18-VID-2021-08-02_13-18-08_775.heic.mov: [Errno 2] No such file or directory: '/home/scott/git/live-photo-extract/output/library/scott/2021/08/02/13_18-VID-2021-08-02_13-18-08_775.heic.mov'
Error processing /home/scott/git/live-photo-extract/immich-library/library/scott/2021/08/02/13_13-VID-2021-08-02_13-13-26_472.heic.mov: [Errno 2] No such file or directory: '/home/scott/git/live-photo-extract/output/library/scott/2021/08/02/13_13-VID-2021-08-02_13-13-26_472.heic.mov'
Error processing /home/scott/git/live-photo-extract/immich-library/library/scott/2021/08/02/13_20-VID-2021-08-02_13-20-46_584.heic.mov: [Errno 2] No such file or directory: '/home/scott/git/live-photo-extract/output/library/scott/2021/08/02/13_20-VID-2021-08-02_13-20-46_584.heic.mov'
Error processing /home/scott/git/live-photo-extract/immich-library/library/scott/2021/08/02/15_41-VID-2021-08-02_15-41-54_633.heic.mov: [Errno 2] No such file or directory: '/home/scott/git/live-photo-extract/output/library/scott/2021/08/02/15_41-VID-2021-08-02_15-41-54_633.heic.mov'
Error processing /home/scott/git/live-photo-extract/immich-library/library/scott/2021/08/02/14_29-VID-2021-08-02_14-29-40_535.heic.mov: [Errno 2] No such file or directory: '/home/scott/git/live-photo-extract/output/library/scott/2021/08/02/14_29-VID-2021-08-02_14-29-40_535.heic.mov'
Error processing /home/scott/git/live-photo-extract/immich-library/library/scott/2021/08/02/16_34-VID-2021-08-02_16-34-57_047.heic.mov: [Errno 2] No such file or directory: '/home/scott/git/live-photo-extract/output/library/scott/2021/08/02/16_34-VID-2021-08-02_16-34-57_047.heic.mov'
Error processing /home/scott/git/live-photo-extract/immich-library/library/scott/2021/08/02/13_07-VID-2021-08-02_13-07-33_462.heic.mov: [Errno 2] No such file or directory: '/home/scott/git/live-photo-extract/output/library/scott/2021/08/02/13_07-VID-2021-08-02_13-07-33_462.heic.mov'
Error processing /home/scott/git/live-photo-extract/immich-library/library/scott/2021/08/02/15_03-VID-IMG_6790.mov: [Errno 2] No such file or directory: '/home/scott/git/live-photo-extract/output/library/scott/2021/08/02/15_03-VID-IMG_6790.mov'
Error processing /home/scott/git/live-photo-extract/immich-library/library/scott/2021/08/01/11_07-VID-2021-08-01_11-07-49_434.heic.mov: [Errno 2] No such file or directory: '/home/scott/git/live-photo-extract/output/library/scott/2021/08/01/11_07-VID-2021-08-01_11-07-49_434.heic.mov'
Error processing /home/scott/git/live-photo-extract/immich-library/library/scott/2021/08/01/10_51-VID-2021-08-01_10-51-16_647.heic.mov: [Errno 2] No such file or directory: '/home/scott/git/live-photo-extract/output/library/scott/2021/08/01/10_51-VID-2021-08-01_10-51-16_647.heic.mov'
Error processing /home/scott/git/live-photo-extract/immich-library/library/scott/2021/08/01/14_08-VID-2021-08-01_14-08-39_780.heic.mov: [Errno 2] No such file or directory: '/home/scott/git/live-photo-extract/output/library/scott/2021/08/01/14_08-VID-2021-08-01_14-08-39_780.heic.mov'
Error processing /home/scott/git/live-photo-extract/immich-library/library/scott/2021/10/16/12_52-VID-2021-10-16_12-52-29_704.heic.mov: [Errno 2] No such file or directory: '/home/scott/git/live-photo-extract/output/library/scott/2021/10/16/12_52-VID-2021-10-16_12-52-29_704.heic.mov'
Error processing /home/scott/git/live-photo-extract/immich-library/library/scott/2021/10/16/20_32-VID-2021-10-16_20-32-43_865.heic.mov: [Errno 2] No such file or directory: '/home/scott/git/live-photo-extract/output/library/scott/2021/10/16/20_32-VID-2021-10-16_20-32-43_865.heic.mov'
Error processing /home/scott/git/live-photo-extract/immich-library/library/scott/2021/10/07/20_52-VID-IMG_7232.mov: [Errno 2] No such file or directory: '/home/scott/git/live-photo-extract/output/library/scott/2021/10/07/20_52-VID-IMG_7232.mov'
Error processing /home/scott/git/live-photo-extract/immich-library/library/scott/2021/03/31/19_59-VID-2021-03-31_19-59-22_161.heic.mov: [Errno 2] No such file or directory: '/home/scott/git/live-photo-extract/output/library/scott/2021/03/31/19_59-VID-2021-03-31_19-59-22_161.heic.mov'
Error processing /home/scott/git/live-photo-extract/immich-library/library/scott/2021/05/02/13_43-VID-2021-05-02_13-43-48_756.jpeg.mov: [Errno 2] No such file or directory: '/home/scott/git/live-photo-extract/output/library/scott/2021/05/02/13_43-VID-2021-05-02_13-43-48_756.jpeg.mov'
Error processing /home/scott/git/live-photo-extract/immich-library/library/scott/2021/07/09/14_32-VID-2021-07-09_14-32-06_468.heic.mov: [Errno 2] No such file or directory: '/home/scott/git/live-photo-extract/output/library/scott/2021/07/09/14_32-VID-2021-07-09_14-32-06_468.heic.mov'
Error processing /home/scott/git/live-photo-extract/immich-library/library/scott/2021/07/09/14_33-VID-2021-07-09_14-33-13_330.heic.mov: [Errno 2] No such file or directory: '/home/scott/git/live-photo-extract/output/library/scott/2021/07/09/14_33-VID-2021-07-09_14-33-13_330.heic.mov'
Error processing /home/scott/git/live-photo-extract/immich-library/library/scott/2021/07/09/14_33-VID-2021-07-09_14-33-20_657.heic.mov: [Errno 2] No such file or directory: '/home/scott/git/live-photo-extract/output/library/scott/2021/07/09/14_33-VID-2021-07-09_14-33-20_657.heic.mov'
Error processing /home/scott/git/live-photo-extract/immich-library/library/scott/2021/07/09/14_28-VID-2021-07-09_14-28-58_286.heic.mov: [Errno 2] No such file or directory: '/home/scott/git/live-photo-extract/output/library/scott/2021/07/09/14_28-VID-2021-07-09_14-28-58_286.heic.mov'
Error processing /home/scott/git/live-photo-extract/immich-library/library/scott/2021/07/09/14_35-VID-2021-07-09_14-35-27_809.heic.mov: [Errno 2] No such file or directory: '/home/scott/git/live-photo-extract/output/library/scott/2021/07/09/14_35-VID-2021-07-09_14-35-27_809.heic.mov'
Error processing /home/scott/git/live-photo-extract/immich-library/library/scott/2021/07/24/13_33-VID-2021-07-24_13-33-48_182.jpeg.mov: [Errno 2] No such file or directory: '/home/scott/git/live-photo-extract/output/library/scott/2021/07/24/13_33-VID-2021-07-24_13-33-48_182.jpeg.mov'
Error processing /home/scott/git/live-photo-extract/immich-library/library/scott/2021/07/31/17_22-VID-2021-07-31_17-22-22_276.heic.mov: [Errno 2] No such file or directory: '/home/scott/git/live-photo-extract/output/library/scott/2021/07/31/17_22-VID-2021-07-31_17-22-22_276.heic.mov'
Error processing /home/scott/git/live-photo-extract/immich-library/library/scott/2021/07/31/19_09-VID-2021-07-31_19-09-26_633.heic.mov: [Errno 2] No such file or directory: '/home/scott/git/live-photo-extract/output/library/scott/2021/07/31/19_09-VID-2021-07-31_19-09-26_633.heic.mov'
Error processing /home/scott/git/live-photo-extract/immich-library/library/scott/2021/01/06/10_27-VID-2021-01-06_10-27-48_005.heic.mov: [Errno 2] No such file or directory: '/home/scott/git/live-photo-extract/output/library/scott/2021/01/06/10_27-VID-2021-01-06_10-27-48_005.heic.mov'
